
=================================== ERRORS ====================================
_________________ ERROR collecting tests/unit/test_models.py __________________
ImportError while importing test module 'E:\TESH Query\TESH-Query\tests\unit\test_models.py'.
Hint: make sure your test modules/packages have valid Python names.
Traceback:
C:\Python314\Lib\importlib\__init__.py:88: in import_module
    return _bootstrap._gcd_import(name[level:], package, level)
           ^^^^^^^^^^^^^^^^^^^^^^^^^^^^^^^^^^^^^^^^^^^^^^^^^^^^
tests\unit\test_models.py:4: in <module>
    from teshq.core.models import (
teshq\__init__.py:46: in <module>
    from .api import TeshQuery, health_check, introspect, query
teshq\api.py:30: in <module>
    from .config.paths import SCHEMA_DIR, get_schema_path
teshq\config\__init__.py:27: in <module>
    from teshq.config.settings import (
E   ImportError: cannot import name 'DEFAULT_SETTINGS' from 'teshq.config.settings' (E:\TESH Query\TESH-Query\teshq\config\settings.py)
=========================== short test summary info ===========================
ERROR tests/unit/test_models.py
!!!!!!!!!!!!!!!!!!! Interrupted: 1 error during collection !!!!!!!!!!!!!!!!!!!!
1 error in 1.20s
